---
source: tui/src/fork_turn_picker.rs
expression: terminal.backend()
---
/fork select a turn
Choose a turn from the current conversation to fork after.
3 turns available. The newest turn is selected by default.
┌Turns (oldest to newest)──────────────────────────────────────────────────┐
│  Turn 1: Initial bug report with stack trace and repro steps             │
│› Turn 2: Please also handle macOS path edge cases when filenames conta...│
│  Turn 3 (latest): One more thing: include tests for rollback + fork in...│
│                                                                          │
│                                                                          │
│                                                                          │
│                                                                          │
│                                                                          │
└──────────────────────────────────────────────────────────────────────────┘
┌Selected turn─────────────────────────────────────────────────────────────┐
│Selected: Turn 2                                                          │
│                                                                          │
│Please also handle macOS path edge cases when filenames contain spaces    │
│                                                                          │
│Forking here keeps turns 1-2 and drops later turns from the new thread.   │
└──────────────────────────────────────────────────────────────────────────┘
Use ↑/↓ (or j/k) to choose, enter to fork, esc to cancel
